error[E0275]: overflow evaluating the requirement `_parity_scale_codec::Compact<_>: Decode`
  |
  = help: consider adding a `#![recursion_limit="256"]` attribute to your crate (`$CRATE`)
  = note: required because of the requirements on the impl of `Decode` for `_parity_scale_codec::Compact<_>`
  = note: 126 redundant requirements hidden
  = note: required because of the requirements on the impl of `Decode` for `_parity_scale_codec::Compact<_>`
